Order matching engine. Type 'help' for commands.
> sell alice 10 101
Order 1 accepted
Order 1 rested: Sell 10 @ 101
> sell bob 5 102
Order 2 accepted
Order 2 rested: Sell 5 @ 102
> buy carol 4 100
Order 3 accepted
Order 3 rested: Buy 4 @ 100
> book
  ASK    102  qty      5  (1 order)  #2 bob 5
  ASK    101  qty     10  (1 order)  #1 alice 10
  --------
  BID    100  qty      4  (1 order)  #3 carol 4
> buy dave 10 101
Order 4 accepted
Trade: 10 @ 101, buyer=dave, seller=alice (maker #1, taker #4)
> buy erin 8 102
Order 5 accepted
Trade: 5 @ 102, buyer=erin, seller=bob (maker #2, taker #5)
Order 5 rested: Buy 3 @ 102
> book
  (no asks)
  --------
  BID    102  qty      3  (1 order)  #5 erin 3
  BID    100  qty      4  (1 order)  #3 carol 4
> sell alice 6 99
Order 6 accepted
Trade: 3 @ 102, buyer=erin, seller=alice (maker #5, taker #6)
Trade: 3 @ 100, buyer=carol, seller=alice (maker #3, taker #6)
> book
  (no asks)
  --------
  BID    100  qty      1  (1 order)  #3 carol 1
> trades
Last 4 trade(s), oldest first:
  10 @ 101, buyer=dave, seller=alice (maker #1, taker #4)
  5 @ 102, buyer=erin, seller=bob (maker #2, taker #5)
  3 @ 102, buyer=erin, seller=alice (maker #5, taker #6)
  3 @ 100, buyer=carol, seller=alice (maker #3, taker #6)
> 
